******************************************************************************
                  TI ARM Linker PC v18.12.4                    
******************************************************************************
>> Linked Mon May  4 01:30:15 2020

OUTPUT FILE NAME:   <_1_DIO_Driver.out>
ENTRY POINT SYMBOL: "_c_int00_noinit_noargs"  address: 00000c05


MEMORY CONFIGURATION

         name            origin    length      used     unused   attr    fill
----------------------  --------  ---------  --------  --------  ----  --------
  FLASH                 00000000   00040000  00000c58  0003f3a8  R  X
  SRAM                  20000000   00008000  00000200  00007e00  RW X


SEGMENT ALLOCATION MAP

run origin  load origin   length   init length attrs members
----------  ----------- ---------- ----------- ----- -------
00000000    00000000    00000c58   00000c58    r-x
  00000000    00000000    0000026c   0000026c    r-- .intvecs
  0000026c    0000026c    000009ec   000009ec    r-x .text
20000000    20000000    00000200   00000000    rw-
  20000000    20000000    00000200   00000000    rw- .stack


SECTION ALLOCATION MAP

 output                                  attributes/
section   page    origin      length       input sections
--------  ----  ----------  ----------   ----------------
.intvecs   0    00000000    0000026c     
                  00000000    0000026c     tm4c123gh6pm_startup_ccs.obj (.intvecs)

.text      0    0000026c    000009ec     
                  0000026c    00000998     GPIO_driver.obj (.text)
                  00000c04    0000002c     rtsv7M4_T_le_v4SPD16_eabi.lib : boot_cortex_m.c.obj (.text:_c_int00_noinit_noargs:_c_int00_noinit_noargs)
                  00000c30    00000014     main.obj (.text)
                  00000c44    0000000c     tm4c123gh6pm_startup_ccs.obj (.text)
                  00000c50    00000004     rtsv7M4_T_le_v4SPD16_eabi.lib : pre_init.c.obj (.text:_system_pre_init)
                  00000c54    00000004                                   : exit.c.obj (.text:abort:abort)

.cinit     0    00000000    00000000     UNINITIALIZED

.init_array 
*          0    00000000    00000000     UNINITIALIZED

.stack     0    20000000    00000200     UNINITIALIZED
                  20000000    00000004     rtsv7M4_T_le_v4SPD16_eabi.lib : boot_cortex_m.c.obj (.stack)
                  20000004    000001fc     --HOLE--

MODULE SUMMARY

       Module                         code   ro data   rw data
       ------                         ----   -------   -------
    .\
       tm4c123gh6pm_startup_ccs.obj   12     620       0      
    +--+------------------------------+------+---------+---------+
       Total:                         12     620       0      
                                                              
    .\drivers\src\
       GPIO_driver.obj                2456   0         0      
    +--+------------------------------+------+---------+---------+
       Total:                         2456   0         0      
                                                              
    .\src\
       main.obj                       20     0         0      
    +--+------------------------------+------+---------+---------+
       Total:                         20     0         0      
                                                              
    C:\ti\ccs930\ccs\tools\compiler\ti-cgt-arm_18.12.4.LTS\lib\rtsv7M4_T_le_v4SPD16_eabi.lib
       boot_cortex_m.c.obj            44     0         0      
       exit.c.obj                     4      0         0      
       pre_init.c.obj                 4      0         0      
    +--+------------------------------+------+---------+---------+
       Total:                         52     0         0      
                                                              
       Stack:                         0      0         512    
    +--+------------------------------+------+---------+---------+
       Grand Total:                   2540   620       512    


GLOBAL SYMBOLS: SORTED ALPHABETICALLY BY Name 

address   name                   
-------   ----                   
00000c55  C$$EXIT                
00000c33  GPIOF_Handler          
00000bd5  GPIOF_IRQHandling      
0000026d  GPIO_ClockCtrl         
0000090b  GPIO_DeInit            
000009c3  GPIO_IRQInterruptConfig
00000b7f  GPIO_IRQPriorityConfig 
00000395  GPIO_Init              
00000915  GPIO_ReadFromInputPin  
00000933  GPIO_ReadFromInputPort 
00000967  GPIO_ResetOutputPin    
00000945  GPIO_SetOutputPin      
000009a1  GPIO_ToggleOutputPin   
00000989  GPIO_WriteToOutputPort 
00000c45  ResetISR               
20000200  __STACK_END            
00000200  __STACK_SIZE           
20000200  __STACK_TOP            
ffffffff  __TI_pprof_out_hndl    
ffffffff  __TI_prof_data_size    
ffffffff  __TI_prof_data_start   
00000000  __TI_static_base__     
ffffffff  __binit__              
ffffffff  __c_args__             
UNDEFED   __mpu_init             
20000000  __stack                
00000c05  _c_int00_noinit_noargs 
00000c51  _system_pre_init       
00000c55  abort                  
ffffffff  binit                  
00000000  g_pfnVectors           
00000c31  main                   


GLOBAL SYMBOLS: SORTED BY Symbol Address 

address   name                   
-------   ----                   
00000000  __TI_static_base__     
00000000  g_pfnVectors           
00000200  __STACK_SIZE           
0000026d  GPIO_ClockCtrl         
00000395  GPIO_Init              
0000090b  GPIO_DeInit            
00000915  GPIO_ReadFromInputPin  
00000933  GPIO_ReadFromInputPort 
00000945  GPIO_SetOutputPin      
00000967  GPIO_ResetOutputPin    
00000989  GPIO_WriteToOutputPort 
000009a1  GPIO_ToggleOutputPin   
000009c3  GPIO_IRQInterruptConfig
00000b7f  GPIO_IRQPriorityConfig 
00000bd5  GPIOF_IRQHandling      
00000c05  _c_int00_noinit_noargs 
00000c31  main                   
00000c33  GPIOF_Handler          
00000c45  ResetISR               
00000c51  _system_pre_init       
00000c55  C$$EXIT                
00000c55  abort                  
20000000  __stack                
20000200  __STACK_END            
20000200  __STACK_TOP            
ffffffff  __TI_pprof_out_hndl    
ffffffff  __TI_prof_data_size    
ffffffff  __TI_prof_data_start   
ffffffff  __binit__              
ffffffff  __c_args__             
ffffffff  binit                  
UNDEFED   __mpu_init             

[32 symbols]
